// Jest Snapshot v1, https://goo.gl/fbAQLP

exports[`<HomeHighlights /> should render properly 1`] = `
<div
  className="container"
>
  <div
    className="title"
  >
    HOME HIGHLIGHTS
  </div>
</div>
`;
