// Jest Snapshot v1, https://goo.gl/fbAQLP

exports[`<ListingStats /> should render properly 1`] = `
<div
  className="container"
>
  <div
    className="statOne"
  >
    <img
      alt=""
      src="https://s3-us-west-1.amazonaws.com/airbnb-owner-photos/guests.png"
    />
    <div>
      0
       guests
    </div>
  </div>
  <div
    className="statTwo"
  >
    <img
      alt=""
      src="https://s3-us-west-1.amazonaws.com/airbnb-owner-photos/living.png"
    />
    <div>
      0
       bedrooms
    </div>
  </div>
  <div
    className="statThree"
  >
    <img
      alt=""
      className="img3"
      src="https://s3-us-west-1.amazonaws.com/airbnb-owner-photos/beds.png"
    />
    <div>
      0
       beds
    </div>
  </div>
  <div
    className="statFour"
  >
    <img
      alt=""
      src="https://s3-us-west-1.amazonaws.com/airbnb-owner-photos/bath.png"
    />
    <div>
      0
       baths
    </div>
  </div>
</div>
`;
