// Jest Snapshot v1, https://goo.gl/fbAQLP

exports[`<Owner /> should render properly 1`] = `
<div
  className="container"
>
  <img
    alt=""
    className="imgCircle"
    src="https://s3-us-west-1.amazonaws.com/airbnb-owner-photos/airbnb1.jpg"
  />
  <div
    className="name"
  >
    John
  </div>
</div>
`;
