// Jest Snapshot v1, https://goo.gl/fbAQLP

exports[`<Thumbs /> should render properly 1`] = `
<div
  className="helpful"
>
  <button
    className="button"
    onClick={[Function]}
    type="button"
  >
    Helpful
    <i
      className="i far fa-thumbs-up"
    />
  </button>
  <span
    className="interpunct"
  >
    Â·
  </span>
  <button
    className="button"
    onClick={[Function]}
    type="button"
  >
    Not Helpful
  </button>
</div>
`;
